2025-07-12 21:03:38,859 - INFO - Starting ETL Pipeline execution...
2025-07-12 21:03:38,859 - INFO - === EXTRACT PHASE ===
2025-07-12 21:03:38,859 - INFO - Extracting customer data from CSV...
2025-07-12 21:03:38,864 - INFO - Extracted 1000 customer records
2025-07-12 21:03:38,864 - INFO - Extracting order data...
2025-07-12 21:03:38,865 - INFO - Extracted 5000 order records
2025-07-12 21:03:38,865 - INFO - Extracting product data...
2025-07-12 21:03:38,865 - INFO - Extracted 500 product records
2025-07-12 21:03:38,865 - INFO - === VALIDATION PHASE ===
2025-07-12 21:03:38,865 - INFO - Validating customers data...
2025-07-12 21:03:38,870 - INFO - customers validation passed - no issues found
2025-07-12 21:03:38,870 - INFO - Validating orders data...
2025-07-12 21:03:38,870 - INFO - orders validation passed - no issues found
2025-07-12 21:03:38,870 - INFO - Validating products data...
2025-07-12 21:03:38,870 - INFO - products validation passed - no issues found
2025-07-12 21:03:38,870 - INFO - === TRANSFORM PHASE ===
2025-07-12 21:03:38,870 - INFO - Transforming customer data...
2025-07-12 21:03:38,875 - INFO - Customer data transformation completed
2025-07-12 21:03:38,875 - INFO - Transforming order data...
2025-07-12 21:03:38,879 - INFO - Order data transformation completed
2025-07-12 21:03:38,880 - INFO - Creating customer summary...
2025-07-12 21:03:38,886 - INFO - Customer summary created with 1000 records
2025-07-12 21:03:38,887 - INFO - === LOAD PHASE ===
2025-07-12 21:03:38,887 - INFO - Loading data to CSV: transformed_data.csv
2025-07-12 21:03:38,897 - INFO - Successfully saved 1000 records to transformed_data.csv
2025-07-12 21:03:38,897 - INFO - Loading data to CSV: customers_transformed.csv
2025-07-12 21:03:38,899 - INFO - Successfully saved 1000 records to customers_transformed.csv
2025-07-12 21:03:38,899 - INFO - Loading data to CSV: orders_transformed.csv
2025-07-12 21:03:38,914 - INFO - Successfully saved 5000 records to orders_transformed.csv
2025-07-12 21:03:38,915 - INFO - Generating data quality report...
2025-07-12 21:03:38,915 - INFO - Data quality report generated with 0 issues
2025-07-12 21:03:38,915 - INFO - === PIPELINE COMPLETED SUCCESSFULLY ===
2025-07-12 21:03:38,915 - INFO - Total execution time: 0:00:00.055353
2025-07-12 21:03:38,915 - INFO - Records processed - Customers: 1000, Orders: 5000
